// Jest Snapshot v1, https://goo.gl/fbAQLP

exports[`SubsystemSection renders correctly 1`] = `
<div>
  <div
    class="section-group"
  >
    <h3>
      Host
    </h3>
    <table
      class="services-table"
    >
      <thead>
        <tr>
          <th
            class="service-name"
          >
            Service Name
          </th>
        </tr>
      </thead>
      <tbody>
        <tr>
          <td>
            <input
              readonly=""
              value="project1"
            />
          </td>
        </tr>
        <tr>
          <td>
            <input
              readonly=""
              value="project2"
            />
          </td>
        </tr>
      </tbody>
    </table>
  </div>
</div>
`;
